2026-09-21 20:07:29 INFO [app]: 🔄 Log 系統已啟動（設定檔：D:\網頁\預計請購\config.ini，輪轉週期：7 天，保留 52 份）
2026-09-21 20:07:29 INFO [app]: ✅ [KH] 資料檔齊全 (static/data\KH)
2026-09-21 20:07:29 INFO [app]: ✅ [KL] 資料檔齊全 (static/data\KL)
2026-09-21 20:07:29 INFO [app]: ✅ [NL] 資料檔齊全 (static/data\NL)
2026-09-21 20:07:32 INFO [app]: 🔄 Log 系統已啟動（設定檔：D:\網頁\預計請購\config.ini，輪轉週期：7 天，保留 52 份）
2026-09-21 20:07:32 INFO [app]: ✅ [KH] 資料檔齊全 (static/data\KH)
2026-09-21 20:07:32 INFO [app]: ✅ [KL] 資料檔齊全 (static/data\KL)
2026-09-21 20:07:32 INFO [app]: ✅ [NL] 資料檔齊全 (static/data\NL)
2026-09-21 20:08:52 INFO [app]: [KH] [K18251] POST /api/getAllLoginer
2026-09-21 20:08:52 INFO [app]: 登入對應廠區: K18251 → 本廠 KH，可進入 ['KH', 'KL', 'NL']
2026-09-21 20:08:53 INFO [app]: [KH] [K18251] POST /api/getAllLoginer
2026-09-21 20:08:53 INFO [app]: 登入對應廠區: K18251 → 本廠 KH，可進入 ['KH', 'KL', 'NL']
2026-09-21 20:08:53 INFO [app]: [KH] [K18251] POST /api/login
2026-09-21 20:08:54 INFO [app]: [KH] [K18251] POST /api/get-username-info
2026-09-21 20:08:54 INFO [app]: [KH] [K18251] GET /data
2026-09-21 20:08:55 INFO [app]: [KH] [K18251] GET /api/unordered-count
2026-09-21 20:08:55 INFO [app]: [KH] [K18251] GET /api/requesters
2026-09-21 20:08:55 INFO [app]: [KH] [K18251] GET /api/admins
2026-09-21 20:08:55 INFO [app]: [KH] [K18251] GET /api/venders
2026-09-21 20:08:55 INFO [app]: [KH] [K18251] GET /api/get-filters-json/K18251
2026-09-21 20:08:55 INFO [app]: [KH] [K18251] GET /api/getrestofmoney
2026-09-21 20:08:55 INFO [app]: [KH] [K18251] GET /api/message-board/unread/K18251
2026-09-21 20:08:56 INFO [app]: [KH] [K18251] GET /api/get-filters-json/K18251
2026-09-21 20:08:56 INFO [app]: [KH] [K18251] POST /api/save-filters-json
2026-09-21 20:08:58 INFO [app]: [KH] [K18251] GET /api/get_detail/754922cc-16ea-4efa-ad6b-dcb2e62a3540
2026-09-21 20:09:08 INFO [app]: [KH] [K18251] POST /api/get-username-info
2026-09-21 20:09:55 INFO [app]: [KH] [K18251] GET /api/message-board/unread/K18251
2026-09-21 20:10:55 INFO [app]: [KH] [K18251] GET /api/message-board/unread/K18251
2026-09-21 20:11:38 INFO [app]: [KH] [K18251] POST /api/get-username-info
2026-09-21 20:11:38 INFO [app]: [KH] [K18251] GET /data
2026-09-21 20:11:42 INFO [app]: [KH] [K18251] GET /api/unordered-count
2026-09-21 20:11:42 INFO [app]: [KH] [K18251] GET /api/requesters
2026-09-21 20:11:42 INFO [app]: [KH] [K18251] GET /api/admins
2026-09-21 20:11:42 INFO [app]: [KH] [K18251] GET /api/venders
2026-09-21 20:11:42 INFO [app]: [KH] [K18251] GET /api/get-filters-json/K18251
2026-09-21 20:11:43 INFO [app]: [KH] [K18251] GET /api/getrestofmoney
2026-09-21 20:11:43 INFO [app]: [KH] [K18251] GET /api/message-board/unread/K18251
2026-09-21 20:11:43 INFO [app]: [KH] [K18251] GET /api/get-filters-json/K18251
2026-09-21 20:11:43 INFO [app]: [KH] [K18251] POST /api/save-filters-json
2026-09-21 20:11:45 INFO [app]: [KH] [K18251] GET /api/get_detail/26
2026-09-21 20:11:51 INFO [app]: [KH] [K18251] GET /api/get_detail/5e954eb5-ad33-440d-b587-700cf6775f2d
2026-09-21 20:11:54 INFO [app]: [KH] [K18251] GET /api/get_detail/6c22fb5e-0ee2-4dd2-bc25-c02b9e7efac9
2026-09-21 20:12:07 INFO [app]: [KH] [K18251] GET /api/get_detail/30
2026-09-21 20:12:43 INFO [app]: [KH] [K18251] GET /api/message-board/unread/K18251
2026-09-21 20:13:43 INFO [app]: [KH] [K18251] GET /api/message-board/unread/K18251
2026-09-21 20:14:43 INFO [app]: [KH] [K18251] GET /api/message-board/unread/K18251
2026-09-21 20:15:43 INFO [app]: [KH] [K18251] GET /api/message-board/unread/K18251
2026-09-21 20:16:31 INFO [app]: [KH] [K18251] POST /api/get-username-info
2026-09-21 20:16:31 INFO [app]: [KH] [K18251] GET /data
2026-09-21 20:16:35 INFO [app]: [KH] [K18251] GET /api/unordered-count
2026-09-21 20:16:35 INFO [app]: [KH] [K18251] GET /api/requesters
2026-09-21 20:16:35 INFO [app]: [KH] [K18251] GET /api/admins
2026-09-21 20:16:35 INFO [app]: [KH] [K18251] GET /api/venders
2026-09-21 20:16:35 INFO [app]: [KH] [K18251] GET /api/get-filters-json/K18251
2026-09-21 20:16:35 INFO [app]: [KH] [K18251] GET /api/getrestofmoney
2026-09-21 20:16:35 INFO [app]: [KH] [K18251] GET /api/message-board/unread/K18251
2026-09-21 20:16:35 INFO [app]: [KH] [K18251] GET /api/get-filters-json/K18251
2026-09-21 20:16:36 INFO [app]: [KH] [K18251] POST /api/save-filters-json
2026-09-21 20:16:44 INFO [app]: [KH] [K18251] GET /api/get-filters-json/K18251
2026-09-21 20:16:44 INFO [app]: [KH] [K18251] POST /api/save-filters-json
2026-09-21 20:16:47 INFO [app]: [KH] [K18251] GET /api/get-filters-json/K18251
2026-09-21 20:16:47 INFO [app]: [KH] [K18251] POST /api/save-filters-json
2026-09-21 20:16:49 INFO [app]: [KH] [K18251] GET /api/get_detail/c29851d7-c70c-4d48-8f8f-93d1dc7191fd
2026-09-21 20:17:35 INFO [app]: [KH] [K18251] GET /api/message-board/unread/K18251
2026-09-21 20:17:57 INFO [app]: [KH] [K18251] GET /api/get-filters-json/K18251
2026-09-21 20:17:57 INFO [app]: [KH] [K18251] POST /api/save-filters-json
2026-09-21 20:18:00 INFO [app]: [KH] [K18251] GET /api/get-filters-json/K18251
2026-09-21 20:18:00 INFO [app]: [KH] [K18251] POST /api/save-filters-json
2026-09-21 20:18:01 INFO [app]: [KH] [K18251] GET /api/get_detail/35
2026-09-21 20:18:35 INFO [app]: [KH] [K18251] GET /api/message-board/unread/K18251
2026-09-21 20:19:35 INFO [app]: [KH] [K18251] GET /api/message-board/unread/K18251
2026-09-21 20:20:35 INFO [app]: [KH] [K18251] GET /api/message-board/unread/K18251
2026-09-21 20:21:36 INFO [app]: [KH] [K18251] GET /api/message-board/unread/K18251
2026-09-21 20:21:43 INFO [app]: [KH] [K18251] POST /api/get-username-info
2026-09-21 20:21:43 INFO [app]: [KH] [K18251] GET /data
2026-09-21 20:21:47 INFO [app]: [KH] [K18251] GET /api/unordered-count
2026-09-21 20:21:47 INFO [app]: [KH] [K18251] GET /api/requesters
2026-09-21 20:21:47 INFO [app]: [KH] [K18251] GET /api/admins
2026-09-21 20:21:47 INFO [app]: [KH] [K18251] GET /api/venders
2026-09-21 20:21:47 INFO [app]: [KH] [K18251] GET /api/get-filters-json/K18251
2026-09-21 20:21:47 INFO [app]: [KH] [K18251] GET /api/getrestofmoney
2026-09-21 20:21:47 INFO [app]: [KH] [K18251] GET /api/message-board/unread/K18251
2026-09-21 20:21:48 INFO [app]: [KH] [K18251] GET /api/get-filters-json/K18251
2026-09-21 20:21:48 INFO [app]: [KH] [K18251] POST /api/save-filters-json
2026-09-21 20:21:50 INFO [app]: [KH] [K18251] GET /api/get-filters-json/K18251
2026-09-21 20:21:50 INFO [app]: [KH] [K18251] POST /api/save-filters-json
2026-09-21 20:21:52 INFO [app]: [KH] [K18251] GET /api/get-filters-json/K18251
2026-09-21 20:21:52 INFO [app]: [KH] [K18251] POST /api/save-filters-json
2026-09-21 20:21:54 INFO [app]: [KH] [K18251] GET /api/get_detail/df4256ed-c08b-4845-b622-131b0aea6b82
2026-09-21 20:22:07 INFO [app]: [KH] [K18251] POST /update
2026-09-21 20:22:07 INFO [app]: [KH] [K18251] GET /data
2026-09-21 20:22:10 INFO [app]: [KH] [K18251] GET /api/unordered-count
2026-09-21 20:22:11 INFO [app]: [KH] [K18251] GET /api/get-filters-json/K18251
2026-09-21 20:22:11 INFO [app]: [KH] [K18251] POST /api/save-filters-json
2026-09-21 20:22:48 INFO [app]: [KH] [K18251] GET /api/message-board/unread/K18251
2026-09-21 20:23:48 INFO [app]: [KH] [K18251] GET /api/message-board/unread/K18251
2026-09-21 20:23:54 INFO [app]: [KH] [K18251] GET /api/get_detail/26c9d89e-fc5f-4feb-9b80-bc32bb7503fd
2026-09-21 20:24:08 INFO [app]: [KH] [K18251] POST /api/get-username-info
2026-09-21 20:24:08 INFO [app]: [KH] [K18251] GET /data
2026-09-21 20:24:12 INFO [app]: [KH] [K18251] GET /api/unordered-count
2026-09-21 20:24:12 INFO [app]: [KH] [K18251] GET /api/requesters
2026-09-21 20:24:12 INFO [app]: [KH] [K18251] GET /api/admins
2026-09-21 20:24:12 INFO [app]: [KH] [K18251] GET /api/venders
2026-09-21 20:24:12 INFO [app]: [KH] [K18251] GET /api/get-filters-json/K18251
2026-09-21 20:24:12 INFO [app]: [KH] [K18251] GET /api/getrestofmoney
2026-09-21 20:24:12 INFO [app]: [KH] [K18251] GET /api/message-board/unread/K18251
2026-09-21 20:24:12 INFO [app]: [KH] [K18251] GET /api/get-filters-json/K18251
2026-09-21 20:24:12 INFO [app]: [KH] [K18251] POST /api/save-filters-json
2026-09-21 20:25:13 INFO [app]: [KH] [K18251] GET /api/message-board/unread/K18251
2026-09-21 20:26:13 INFO [app]: [KH] [K18251] GET /api/message-board/unread/K18251
2026-09-21 20:27:13 INFO [app]: [KH] [K18251] GET /api/message-board/unread/K18251
2026-09-21 20:28:13 INFO [app]: [KH] [K18251] GET /api/message-board/unread/K18251
2026-09-21 20:29:13 INFO [app]: [KH] [K18251] GET /api/message-board/unread/K18251
2026-09-21 20:30:13 INFO [app]: [KH] [K18251] GET /api/message-board/unread/K18251
2026-09-21 20:31:13 INFO [app]: [KH] [K18251] GET /api/message-board/unread/K18251
2026-09-21 20:32:14 INFO [app]: [KH] [K18251] GET /api/message-board/unread/K18251
2026-09-21 20:33:15 INFO [app]: [KH] [K18251] GET /api/message-board/unread/K18251
2026-09-21 20:34:16 INFO [app]: [KH] [K18251] GET /api/message-board/unread/K18251
2026-09-21 20:35:17 INFO [app]: [KH] [K18251] GET /api/message-board/unread/K18251
2026-09-21 20:36:18 INFO [app]: [KH] [K18251] GET /api/message-board/unread/K18251
2026-09-21 20:37:19 INFO [app]: [KH] [K18251] GET /api/message-board/unread/K18251
2026-09-21 20:38:20 INFO [app]: [KH] [K18251] GET /api/message-board/unread/K18251
2026-09-21 20:39:21 INFO [app]: [KH] [K18251] GET /api/message-board/unread/K18251
2026-09-21 20:40:22 INFO [app]: [KH] [K18251] GET /api/message-board/unread/K18251
2026-09-21 20:41:23 INFO [app]: [KH] [K18251] GET /api/message-board/unread/K18251
2026-09-21 20:42:24 INFO [app]: [KH] [K18251] GET /api/message-board/unread/K18251
2026-09-21 20:42:43 INFO [app]: [KH] [K18251] POST /api/monthly_expense_analysis
2026-09-21 20:59:53 INFO [app]: 🔄 Log 系統已啟動（設定檔：D:\網頁\預計請購\config.ini，輪轉週期：7 天，保留 52 份）
2026-09-21 20:59:53 INFO [app]: ✅ [KH] 資料檔齊全 (static/data\KH)
2026-09-21 20:59:53 INFO [app]: ✅ [KL] 資料檔齊全 (static/data\KL)
2026-09-21 20:59:53 INFO [app]: ✅ [NL] 資料檔齊全 (static/data\NL)
2026-09-21 21:00:56 INFO [app]: [KH] [K18251] POST /api/monthly_expense_analysis
2026-09-21 21:01:00 INFO [app]: [KH] [K18251] POST /api/get-username-info
2026-09-21 21:01:00 INFO [app]: [KH] [K18251] GET /data
2026-09-21 21:01:04 INFO [app]: [KH] [K18251] GET /api/unordered-count
2026-09-21 21:01:04 INFO [app]: [KH] [K18251] GET /api/requesters
2026-09-21 21:01:04 INFO [app]: [KH] [K18251] GET /api/admins
2026-09-21 21:01:04 INFO [app]: [KH] [K18251] GET /api/venders
2026-09-21 21:01:04 INFO [app]: [KH] [K18251] GET /api/get-filters-json/K18251
2026-09-21 21:01:04 INFO [app]: [KH] [K18251] GET /api/getrestofmoney
2026-09-21 21:01:04 INFO [app]: [KH] [K18251] GET /api/message-board/unread/K18251
2026-09-21 21:01:05 INFO [app]: [KH] [K18251] POST /api/monthly_expense_analysis
2026-09-21 21:01:07 INFO [app]: [KH] [K18251] POST /api/get-username-info
2026-09-21 21:01:07 INFO [app]: [KH] [K18251] GET /data
2026-09-21 21:01:11 INFO [app]: [KH] [K18251] GET /api/unordered-count
2026-09-21 21:01:11 INFO [app]: [KH] [K18251] GET /api/requesters
2026-09-21 21:01:11 INFO [app]: [KH] [K18251] GET /api/admins
2026-09-21 21:01:11 INFO [app]: [KH] [K18251] GET /api/venders
2026-09-21 21:01:11 INFO [app]: [KH] [K18251] GET /api/get-filters-json/K18251
2026-09-21 21:01:11 INFO [app]: [KH] [K18251] GET /api/getrestofmoney
2026-09-21 21:01:11 INFO [app]: [KH] [K18251] GET /api/message-board/unread/K18251
2026-09-21 21:01:12 INFO [app]: [KH] [K18251] GET /api/get-filters-json/K18251
2026-09-21 21:01:12 INFO [app]: [KH] [K18251] POST /api/save-filters-json
2026-09-21 21:01:12 INFO [app]: [KH] [K18251] GET /api/get-filters-json/K18251
2026-09-21 21:01:13 INFO [app]: [KH] [K18251] GET /api/admins
2026-09-21 21:01:13 INFO [app]: [KH] [K18251] GET /api/buyer_detail
2026-09-21 21:01:13 INFO [app]: [KH] [K18251] GET /api/get_unaccounted_amount
2026-09-21 21:01:14 INFO [app]: [KH] [K18251] GET /api/accounting_summary
2026-09-21 21:01:16 INFO [app]: [KH] [K18251] GET /api/monthly_actual_accounting
2026-09-21 21:01:16 INFO [app]: [KH] [K18251] GET /api/getrestofmoney
2026-09-21 21:01:16 INFO [app]: [KH] [K18251] POST /api/get-username-info
2026-09-21 21:01:16 INFO [app]: [KH] [K18251] GET /data
2026-09-21 21:01:20 INFO [app]: [KH] [K18251] GET /api/unordered-count
2026-09-21 21:01:20 INFO [app]: [KH] [K18251] GET /api/requesters
2026-09-21 21:01:20 INFO [app]: [KH] [K18251] GET /api/admins
2026-09-21 21:01:20 INFO [app]: [KH] [K18251] GET /api/venders
2026-09-21 21:01:20 INFO [app]: [KH] [K18251] GET /api/get-filters-json/K18251
2026-09-21 21:01:20 INFO [app]: [KH] [K18251] GET /api/getrestofmoney
2026-09-21 21:01:20 INFO [app]: [KH] [K18251] GET /api/message-board/unread/K18251
2026-09-21 21:01:20 INFO [app]: [KH] [K18251] GET /api/get-filters-json/K18251
2026-09-21 21:01:20 INFO [app]: [KH] [K18251] POST /api/save-filters-json
2026-09-21 21:01:22 INFO [app]: [KH] [K18251] GET /api/get-all-items-with-approval
2026-09-21 21:01:22 INFO [app]: [KH] [K18251] GET /api/buyer_detail
2026-09-21 21:01:34 INFO [app]: [KH] [K18251] POST /api/get-username-info
2026-09-21 21:01:34 INFO [app]: [KH] [K18251] GET /data
2026-09-21 21:01:38 INFO [app]: [KH] [K18251] GET /api/unordered-count
2026-09-21 21:01:38 INFO [app]: [KH] [K18251] GET /api/requesters
2026-09-21 21:01:38 INFO [app]: [KH] [K18251] GET /api/admins
2026-09-21 21:01:38 INFO [app]: [KH] [K18251] GET /api/venders
2026-09-21 21:01:38 INFO [app]: [KH] [K18251] GET /api/get-filters-json/K18251
2026-09-21 21:01:38 INFO [app]: [KH] [K18251] GET /api/getrestofmoney
2026-09-21 21:01:38 INFO [app]: [KH] [K18251] GET /api/message-board/unread/K18251
2026-09-21 21:01:38 INFO [app]: [KH] [K18251] GET /api/get-filters-json/K18251
2026-09-21 21:01:38 INFO [app]: [KH] [K18251] POST /api/save-filters-json
2026-09-21 21:01:40 INFO [app]: [KH] [K18251] GET /api/get_detail/2c5af324-3ba0-4199-9447-41c74dbee87f
2026-09-21 21:01:46 INFO [app]: [KH] [K18251] GET /api/get_detail/2c5af324-3ba0-4199-9447-41c74dbee87f
2026-09-21 21:02:02 INFO [app]: [KH] [K18251] POST /update
2026-09-21 21:02:02 INFO [app]: [KH] [K18251] GET /data
2026-09-21 21:02:06 INFO [app]: [KH] [K18251] GET /api/unordered-count
2026-09-21 21:02:07 INFO [app]: [KH] [K18251] GET /api/get-filters-json/K18251
2026-09-21 21:02:07 INFO [app]: [KH] [K18251] POST /api/save-filters-json
2026-09-21 21:02:10 INFO [app]: [KH] [K18251] GET /api/get-all-items-with-approval
2026-09-21 21:02:10 INFO [app]: [KH] [K18251] GET /api/buyer_detail
2026-09-21 21:02:31 INFO [app]: [KH] [K18251] POST /api/get-username-info
2026-09-21 21:02:31 INFO [app]: [KH] [K18251] GET /data
2026-09-21 21:02:35 INFO [app]: [KH] [K18251] GET /api/unordered-count
2026-09-21 21:02:35 INFO [app]: [KH] [K18251] GET /api/requesters
2026-09-21 21:02:35 INFO [app]: [KH] [K18251] GET /api/admins
2026-09-21 21:02:35 INFO [app]: [KH] [K18251] GET /api/venders
2026-09-21 21:02:35 INFO [app]: [KH] [K18251] GET /api/get-filters-json/K18251
2026-09-21 21:02:35 INFO [app]: [KH] [K18251] GET /api/getrestofmoney
2026-09-21 21:02:35 INFO [app]: [KH] [K18251] GET /api/message-board/unread/K18251
2026-09-21 21:02:36 INFO [app]: [KH] [K18251] GET /api/get-filters-json/K18251
2026-09-21 21:02:36 INFO [app]: [KH] [K18251] POST /api/save-filters-json
2026-09-21 21:02:43 INFO [app]: [KH] [K18251] GET /api/get-all-items-with-approval
2026-09-21 21:02:43 INFO [app]: [KH] [K18251] GET /api/buyer_detail
2026-09-21 21:03:13 INFO [app]: [KH] [K18251] GET /api/get-all-items-with-approval
2026-09-21 21:03:13 INFO [app]: [KH] [K18251] GET /api/buyer_detail
2026-09-21 21:03:17 INFO [app]: [KH] [K18251] POST /api/get-username-info
2026-09-21 21:03:17 INFO [app]: [KH] [K18251] GET /data
2026-09-21 21:03:20 INFO [app]: [KH] [K18251] GET /api/unordered-count
2026-09-21 21:03:21 INFO [app]: [KH] [K18251] GET /api/requesters
2026-09-21 21:03:21 INFO [app]: [KH] [K18251] GET /api/admins
2026-09-21 21:03:21 INFO [app]: [KH] [K18251] GET /api/venders
2026-09-21 21:03:21 INFO [app]: [KH] [K18251] GET /api/get-filters-json/K18251
2026-09-21 21:03:21 INFO [app]: [KH] [K18251] GET /api/getrestofmoney
2026-09-21 21:03:21 INFO [app]: [KH] [K18251] GET /api/message-board/unread/K18251
2026-09-21 21:03:21 INFO [app]: [KH] [K18251] GET /api/get-filters-json/K18251
2026-09-21 21:03:21 INFO [app]: [KH] [K18251] POST /api/save-filters-json
2026-09-21 21:03:46 INFO [app]: [KH] [K18251] GET /api/get_detail/2c5af324-3ba0-4199-9447-41c74dbee87f
2026-09-21 21:04:00 INFO [app]: [KH] [K18251] GET /api/get-all-items-with-approval
2026-09-21 21:04:00 INFO [app]: [KH] [K18251] GET /api/buyer_detail
2026-09-21 21:04:30 INFO [app]: [KH] [K18251] GET /api/get-all-items-with-approval
2026-09-21 21:04:30 INFO [app]: [KH] [K18251] GET /api/buyer_detail
2026-09-21 21:05:01 INFO [app]: [KH] [K18251] GET /api/get-all-items-with-approval
2026-09-21 21:05:01 INFO [app]: [KH] [K18251] GET /api/buyer_detail
2026-09-21 21:05:31 INFO [app]: [KH] [K18251] GET /api/get-all-items-with-approval
2026-09-21 21:05:31 INFO [app]: [KH] [K18251] GET /api/buyer_detail
2026-09-21 21:05:59 INFO [app]: [KH] [K18251] POST /api/get-username-info
2026-09-21 21:05:59 INFO [app]: [KH] [K18251] GET /data
2026-09-21 21:06:02 INFO [app]: [KH] [K18251] GET /api/unordered-count
2026-09-21 21:06:02 INFO [app]: [KH] [K18251] GET /api/requesters
2026-09-21 21:06:03 INFO [app]: [KH] [K18251] GET /api/admins
2026-09-21 21:06:03 INFO [app]: [KH] [K18251] GET /api/venders
2026-09-21 21:06:03 INFO [app]: [KH] [K18251] GET /api/get-filters-json/K18251
2026-09-21 21:06:03 INFO [app]: [KH] [K18251] GET /api/getrestofmoney
2026-09-21 21:06:03 INFO [app]: [KH] [K18251] GET /api/message-board/unread/K18251
2026-09-21 21:06:03 INFO [app]: [KH] [K18251] GET /api/get-filters-json/K18251
2026-09-21 21:06:03 INFO [app]: [KH] [K18251] POST /api/save-filters-json
2026-09-21 21:07:03 INFO [app]: [KH] [K18251] GET /api/message-board/unread/K18251
2026-09-21 21:07:06 INFO [app]: [KH] [K18251] POST /api/get-username-info
2026-09-21 21:07:06 INFO [app]: [KH] [K18251] GET /data
2026-09-21 21:07:09 INFO [app]: [KH] [K18251] GET /api/unordered-count
2026-09-21 21:07:10 INFO [app]: [KH] [K18251] GET /api/requesters
2026-09-21 21:07:10 INFO [app]: [KH] [K18251] GET /api/admins
2026-09-21 21:07:10 INFO [app]: [KH] [K18251] GET /api/venders
2026-09-21 21:07:10 INFO [app]: [KH] [K18251] GET /api/get-filters-json/K18251
2026-09-21 21:07:10 INFO [app]: [KH] [K18251] GET /api/getrestofmoney
2026-09-21 21:07:10 INFO [app]: [KH] [K18251] GET /api/message-board/unread/K18251
2026-09-21 21:07:10 INFO [app]: [KH] [K18251] GET /api/get-filters-json/K18251
2026-09-21 21:07:10 INFO [app]: [KH] [K18251] POST /api/save-filters-json
2026-09-21 21:07:15 INFO [app]: [KH] [K18251] GET /api/get-all-items-with-approval
2026-09-21 21:07:15 INFO [app]: [KH] [K18251] GET /api/buyer_detail
2026-09-21 21:07:26 INFO [app]: [KH] [K18251] POST /api/get-username-info
2026-09-21 21:07:26 INFO [app]: [KH] [K18251] GET /data
2026-09-21 21:07:28 INFO [app]: [KH] [K18251] GET /api/unordered-count
2026-09-21 21:07:28 INFO [app]: [KH] [K18251] GET /api/requesters
2026-09-21 21:07:28 INFO [app]: [KH] [K18251] GET /api/admins
2026-09-21 21:07:28 INFO [app]: [KH] [K18251] GET /api/venders
2026-09-21 21:07:28 INFO [app]: [KH] [K18251] GET /api/get-filters-json/K18251
2026-09-21 21:07:28 INFO [app]: [KH] [K18251] GET /api/getrestofmoney
2026-09-21 21:07:28 INFO [app]: [KH] [K18251] GET /api/message-board/unread/K18251
2026-09-21 21:07:28 INFO [app]: [KH] [K18251] GET /api/get-filters-json/K18251
2026-09-21 21:07:29 INFO [app]: [KH] [K18251] POST /api/save-filters-json
2026-09-21 21:07:30 INFO [app]: [KH] [K18251] POST /api/get-username-info
2026-09-21 21:08:28 INFO [app]: [KH] [K18251] GET /api/message-board/unread/K18251
2026-09-21 21:08:57 INFO [app]: [KH] [K18251] POST /api/checkeEPRno
2026-09-21 21:08:57 INFO [app]: [KH] [K18251] POST /api/add
2026-09-21 21:08:57 INFO [app]: [KH] [K18251] GET /data
2026-09-21 21:09:01 INFO [app]: [KH] [K18251] GET /api/unordered-count
2026-09-21 21:09:01 INFO [app]: [KH] [K18251] GET /api/getrestofmoney
2026-09-21 21:09:01 INFO [app]: [KH] [K18251] GET /api/requesters
2026-09-21 21:09:01 INFO [app]: [KH] [K18251] GET /api/admins
2026-09-21 21:09:01 INFO [app]: [KH] [K18251] GET /api/get-filters-json/K18251
2026-09-21 21:09:01 INFO [app]: [KH] [K18251] POST /api/save-filters-json
2026-09-21 21:09:19 INFO [app]: [KH] [K18251] GET /api/get-filters-json/K18251
2026-09-21 21:09:19 INFO [app]: [KH] [K18251] POST /api/save-filters-json
2026-09-21 21:09:28 INFO [app]: [KH] [K18251] GET /api/message-board/unread/K18251
2026-09-21 21:09:41 INFO [app]: [KH] [K18251] GET /api/get-all-items-with-approval
2026-09-21 21:09:41 INFO [app]: [KH] [K18251] GET /api/buyer_detail
2026-09-21 21:09:41 INFO [app]: ✅ 自動更新 1 筆已開單資料為已確認
2026-09-21 21:09:41 INFO [app]: ✅ 已新增/更新主任簽核和叔叔簽核欄位
2026-09-21 21:09:59 INFO [app]: [KH] [K18251] POST /api/get-username-info
2026-09-21 21:09:59 INFO [app]: [KH] [K18251] GET /data
2026-09-21 21:10:00 INFO [app]: [KH] [K18251] GET /api/unordered-count
2026-09-21 21:10:01 INFO [app]: [KH] [K18251] GET /api/requesters
2026-09-21 21:10:01 INFO [app]: [KH] [K18251] GET /api/admins
2026-09-21 21:10:01 INFO [app]: [KH] [K18251] GET /api/venders
2026-09-21 21:10:01 INFO [app]: [KH] [K18251] GET /api/get-filters-json/K18251
2026-09-21 21:10:01 INFO [app]: [KH] [K18251] GET /api/getrestofmoney
2026-09-21 21:10:01 INFO [app]: [KH] [K18251] GET /api/message-board/unread/K18251
2026-09-21 21:10:01 INFO [app]: [KH] [K18251] GET /api/get-filters-json/K18251
2026-09-21 21:10:01 INFO [app]: [KH] [K18251] POST /api/save-filters-json
2026-09-21 21:11:01 INFO [app]: [KH] [K18251] GET /api/message-board/unread/K18251
2026-09-21 21:12:01 INFO [app]: [KH] [K18251] GET /api/message-board/unread/K18251
2026-09-21 21:12:06 INFO [app]: [KH] [K18251] POST /api/get-username-info
2026-09-21 21:12:06 INFO [app]: [KH] [K18251] GET /data
2026-09-21 21:12:09 INFO [app]: [KH] [K18251] GET /api/unordered-count
2026-09-21 21:12:09 INFO [app]: [KH] [K18251] GET /api/requesters
2026-09-21 21:12:09 INFO [app]: [KH] [K18251] GET /api/admins
2026-09-21 21:12:10 INFO [app]: [KH] [K18251] GET /api/venders
2026-09-21 21:12:10 INFO [app]: [KH] [K18251] GET /api/get-filters-json/K18251
2026-09-21 21:12:10 INFO [app]: [KH] [K18251] GET /api/getrestofmoney
2026-09-21 21:12:10 INFO [app]: [KH] [K18251] GET /api/message-board/unread/K18251
2026-09-21 21:12:10 INFO [app]: [KH] [K18251] GET /api/get-filters-json/K18251
2026-09-21 21:12:10 INFO [app]: [KH] [K18251] POST /api/save-filters-json
2026-09-21 21:12:23 INFO [app]: [KH] [K18251] POST /api/get-username-info
2026-09-21 21:12:23 INFO [app]: [KH] [K18251] GET /data
2026-09-21 21:12:27 INFO [app]: [KH] [K18251] GET /api/unordered-count
2026-09-21 21:12:27 INFO [app]: [KH] [K18251] GET /api/requesters
2026-09-21 21:12:27 INFO [app]: [KH] [K18251] GET /api/admins
2026-09-21 21:12:27 INFO [app]: [KH] [K18251] GET /api/venders
2026-09-21 21:12:27 INFO [app]: [KH] [K18251] GET /api/get-filters-json/K18251
2026-09-21 21:12:27 INFO [app]: [KH] [K18251] GET /api/getrestofmoney
2026-09-21 21:12:27 INFO [app]: [KH] [K18251] GET /api/message-board/unread/K18251
2026-09-21 21:12:27 INFO [app]: [KH] [K18251] GET /api/get-filters-json/K18251
2026-09-21 21:12:27 INFO [app]: [KH] [K18251] POST /api/save-filters-json
2026-09-21 21:12:29 INFO [app]: [KH] [K18251] GET /api/get-all-items-with-approval
2026-09-21 21:12:29 INFO [app]: [KH] [K18251] GET /api/buyer_detail
2026-09-21 21:12:29 INFO [app]: ✅ 自動更新 1 筆已開單資料為已確認
2026-09-21 21:12:30 INFO [app]: ✅ 已新增/更新主任簽核和叔叔簽核欄位
2026-09-21 21:12:35 INFO [app]: [KH] [K18251] POST /api/get-username-info
2026-09-21 21:12:35 INFO [app]: [KH] [K18251] GET /data
2026-09-21 21:12:38 INFO [app]: [KH] [K18251] GET /api/unordered-count
2026-09-21 21:12:38 INFO [app]: [KH] [K18251] GET /api/requesters
2026-09-21 21:12:38 INFO [app]: [KH] [K18251] GET /api/admins
2026-09-21 21:12:38 INFO [app]: [KH] [K18251] GET /api/venders
2026-09-21 21:12:38 INFO [app]: [KH] [K18251] GET /api/get-filters-json/K18251
2026-09-21 21:12:38 INFO [app]: [KH] [K18251] GET /api/getrestofmoney
2026-09-21 21:12:38 INFO [app]: [KH] [K18251] GET /api/message-board/unread/K18251
2026-09-21 21:12:39 INFO [app]: [KH] [K18251] GET /api/get-filters-json/K18251
2026-09-21 21:12:39 INFO [app]: [KH] [K18251] POST /api/save-filters-json
2026-09-21 21:13:38 INFO [app]: [KH] [K18251] GET /api/message-board/unread/K18251
2026-09-21 21:13:49 INFO [app]: [KH] [K18251] GET /api/get-filters-json/K18251
2026-09-21 21:13:49 INFO [app]: [KH] [K18251] POST /api/save-filters-json
2026-09-21 21:14:38 INFO [app]: [KH] [K18251] GET /api/message-board/unread/K18251
2026-09-21 21:15:39 INFO [app]: [KH] [K18251] GET /api/message-board/unread/K18251
